node.exe : [31mÔ£ù[39m Build failed in 328ms
At line:1 char:1
+ & "C:\Program Files\nodejs/node.exe" "C:\Program Files\nodejs/node_mo ...
+ ~~~~~~~~~~~~~~~~~~~~~~~~~~~~~~~~~~~~~~~~~~~~~~~~~~~~~~~~~~~~~~~~~~~~~
    + CategoryInfo          : NotSpecified: ([31mÔ£ù[39m Build failed in 328ms:S 
   tring) [], RemoteException
    + FullyQualifiedErrorId : NativeCommandError
 
[31merror during build:
[31m[vite:esbuild] Transform failed with 1 error:
C:/Users/erdem/OneDrive/PythonProje/StockPredictionApp/frontend/src/News.jsx:41:7: 
ERROR: Expected ")" but found ";"[31m
file: [36mC:/Users/erdem/OneDrive/PythonProje/StockPredictionApp/frontend/src/News
.jsx:41:7[31m
[33m
[33mExpected ")" but found ";"[33m
39 |            sourceName: 'System Fallback'
40 |          }
41 |        ];
   |         ^
42 |        setNews(fallbackData);
43 |        setSources(['T├╝m├╝', 'System Fallback']);
[31m
    at failureErrorWithLog (C:\Users\erdem\OneDrive\PythonProje\StockPredictionApp\
frontend\node_modules\esbuild\lib\main.js:1467:15)
    at C:\Users\erdem\OneDrive\PythonProje\StockPredictionApp\frontend\node_modules
\esbuild\lib\main.js:736:50
    at responseCallbacks.<computed> (C:\Users\erdem\OneDrive\PythonProje\StockPredi
ctionApp\frontend\node_modules\esbuild\lib\main.js:603:9)
    at handleIncomingPacket (C:\Users\erdem\OneDrive\PythonProje\StockPredictionApp
\frontend\node_modules\esbuild\lib\main.js:658:12)
    at Socket.readFromStdout (C:\Users\erdem\OneDrive\PythonProje\StockPredictionAp
p\frontend\node_modules\esbuild\lib\main.js:581:7)
    at Socket.emit (node:events:508:28)
    at addChunk (node:internal/streams/readable:559:12)
    at readableAddChunkPushByteMode (node:internal/streams/readable:510:3)
    at Readable.push (node:internal/streams/readable:390:5)
    at Pipe.onStreamRead (node:internal/stream_base_commons:189:23)[39m
